// Jest Snapshot v1, https://goo.gl/fbAQLP

exports[`ChooseInstaPayUserModal should render correctly 1`] = `
<ReactNativeModal
  animationIn="slideInUp"
  animationInTiming={300}
  animationOut="slideOutDown"
  animationOutTiming={300}
  avoidKeyboard={false}
  backdropColor="black"
  backdropOpacity={0.7}
  backdropTransitionInTiming={300}
  backdropTransitionOutTiming={300}
  deviceHeight={null}
  deviceWidth={null}
  hasBackdrop={true}
  hideModalContentWhileAnimating={false}
  isVisible={true}
  onBackButtonPress={[Function]}
  onBackdropPress={[Function]}
  onModalHide={[Function]}
  onModalShow={[Function]}
  onModalWillHide={[Function]}
  onModalWillShow={[Function]}
  scrollOffset={0}
  scrollOffsetMax={0}
  scrollTo={null}
  style={
    Object {
      "margin": 0,
      "width": "100%",
    }
  }
  supportedOrientations={
    Array [
      "portrait",
      "landscape",
    ]
  }
  swipeThreshold={100}
  useNativeDriver={false}
>
  <View
    style={
      Object {
        "alignItems": "center",
        "flexDirection": "column",
        "justifyContent": "center",
      }
    }
  >
    <View
      style={
        Object {
          "alignSelf": "center",
          "backgroundColor": "#FFFFFF",
          "borderRadius": 10,
          "height": 300,
          "width": "90%",
        }
      }
    >
      <View
        style={
          Object {
            "flex": 1,
          }
        }
      >
        <Text>
          Please wait
        </Text>
      </View>
      <View
        style={
          Object {
            "borderTopColor": "#bbc0c5",
            "borderTopWidth": 1,
            "flex": 0,
            "flexDirection": "row",
            "padding": 16,
          }
        }
      >
        <StyledButton
          containerStyle={
            Array [
              Object {
                "flex": 1,
              },
              Object {
                "marginLeft": 8,
              },
            ]
          }
          disabledContainerStyle={
            Object {
              "opacity": 0.6,
            }
          }
          onPress={[Function]}
          styleDisabled={
            Object {
              "opacity": 0.6,
            }
          }
          type="confirm"
        >
          CONFIRM
        </StyledButton>
      </View>
    </View>
  </View>
</ReactNativeModal>
`;
