// Jest Snapshot v1, https://goo.gl/fbAQLP

exports[`InstaPayWelcome should render correctly 1`] = `
<SafeAreaView
  style={
    Object {
      "backgroundColor": "#FFFFFF",
      "flex": 1,
      "paddingBottom": 32,
    }
  }
>
  <View
    style={
      Object {
        "flex": 1,
        "marginHorizontal": 25,
        "marginVertical": 10,
      }
    }
  >
    <View
      style={
        Object {
          "height": 50,
          "marginTop": 24,
        }
      }
    />
    <Text
      style={
        Object {
          "color": "#000000",
          "fontFamily": "Roboto",
          "fontSize": 24,
          "fontWeight": "600",
          "marginBottom": 20,
          "textAlign": "center",
        }
      }
    >
      Welcome to InstaPay 2.0
    </Text>
    <Text
      style={
        Object {
          "color": "#000000",
          "fontFamily": "Roboto",
          "fontSize": 16,
          "fontWeight": "400",
          "lineHeight": 24,
          "textAlign": "center",
        }
      }
    >
      Now deposit up to 100 DAI, with no minimum required. Simplified account management and improved user experience.
    </Text>
    <Text
      style={
        Array [
          Object {
            "color": "#000000",
            "fontFamily": "Roboto",
            "fontSize": 16,
            "fontWeight": "400",
            "lineHeight": 24,
            "textAlign": "center",
          },
          Object {
            "marginTop": 30,
          },
        ]
      }
    >
      Always non-custodial and built to the latest standards of state channel technology.
    </Text>
    <Image
      resizeMode="contain"
      source={
        Object {
          "testUri": "../../../app/images/payment-channel-welcome.png",
        }
      }
      style={
        Object {
          "alignSelf": "center",
          "justifyContent": "center",
          "marginBottom": 10,
          "marginHorizontal": 35,
          "marginTop": 80,
          "width": "100%",
        }
      }
    />
  </View>
  <View
    style={
      Object {
        "margin": 30,
        "marginBottom": 30,
      }
    }
  >
    <StyledButton
      containerStyle={
        Object {
          "alignSelf": "center",
          "flexDirection": "row",
          "width": "100%",
        }
      }
      disabledContainerStyle={
        Object {
          "opacity": 0.6,
        }
      }
      onPress={[Function]}
      styleDisabled={
        Object {
          "opacity": 0.6,
        }
      }
      type="normal"
    >
      Next
    </StyledButton>
  </View>
</SafeAreaView>
`;
